
> client@0.1.0 build
> next build

   Γû▓ Next.js 15.3.2
   - Environments: .env.local, .env

   Creating an optimized production build ...
node.exe : Failed to 
compile.
At C:\Program Files\n
odejs\npm.ps1:29 
char:3
+   & $NODE_EXE 
$NPM_CLI_JS $args
+   ~~~~~~~~~~~~~~~~~
~~~~~~~~~~~~
    + CategoryInfo   
           : NotSpe  
  cified: (Failed    
 to compile.:Stri    
ng) [], RemoteEx    
ception
    + FullyQualified 
   ErrorId : Native  
  CommandError
 

./node_modules/dotenv
/lib/main.js:2:1
Module not found: 
Can't resolve 'path'
  1 | const fs = 
require('fs')
> 2 | const path = 
require('path')
    | ^
  3 | const os = 
require('os')
  4 | const crypto = 
require('crypto')
  5 | const 
packageJson = require
('../package.json')

https://nextjs.org/do
cs/messages/module-no
t-found

Import trace for 
requested module:
./lib/db/index.ts
./app/api/folders/rou
te.ts
./node_modules/next/d
ist/build/webpack/loa
ders/next-edge-app-ro
ute-loader/index.js?a
bsolutePagePath=priva
te-next-app-dir%2Fapi
%2Ffolders%2Froute.ts
&page=%2Fapi%2Ffolder
s%2Froute&appDirLoade
r=bmV4dC1hcHAtbG9hZGV
yP25hbWU9YXBwJTJGYXBp
JTJGZm9sZGVycyUyRnJvd
XRlJnBhZ2U9JTJGYXBpJT
JGZm9sZGVycyUyRnJvdXR
lJnBhZ2VQYXRoPXByaXZh
dGUtbmV4dC1hcHAtZGlyJ
TJGYXBpJTJGZm9sZGVycy
UyRnJvdXRlLnRzJmFwcER
pcj1DJTNBJTVDVXNlcnMl
NUNQcml5YSU1Qy5nZW1pb
mklNUNhbnRpZ3Jhdml0eS
U1Q3BsYXlncm91bmQlNUN
2ZWx2ZXQta3VpcGVyJTVD
ZHJvcC1seSU1Q2FwcCZhc
HBQYXRocz0lMkZhcGklMk
Zmb2xkZXJzJTJGcm91dGU
mcGFnZUV4dGVuc2lvbnM9
dHN4JnBhZ2VFeHRlbnNpb
25zPXRzJnBhZ2VFeHRlbn
Npb25zPWpzeCZwYWdlRXh
0ZW5zaW9ucz1qcyZiYXNl
UGF0aD0mYXNzZXRQcmVma
Xg9Jm5leHRDb25maWdPdX
RwdXQ9JnByZWZlcnJlZFJ
lZ2lvbj0mbWlkZGxld2Fy
ZUNvbmZpZz1lMzAlM0Qh&
nextConfig=eyJlbnYiOn
t9LCJ3ZWJwYWNrIjpudWx
sLCJlc2xpbnQiOnsiaWdu
b3JlRHVyaW5nQnVpbGRzI
jp0cnVlfSwidHlwZXNjcm
lwdCI6eyJpZ25vcmVCdWl
sZEVycm9ycyI6ZmFsc2Us
InRzY29uZmlnUGF0aCI6I
nRzY29uZmlnLmpzb24ifS
wiZGlzdERpciI6Ii5uZXh
0IiwiY2xlYW5EaXN0RGly
Ijp0cnVlLCJhc3NldFByZ
WZpeCI6IiIsImNhY2hlTW
F4TWVtb3J5U2l6ZSI6NTI
0Mjg4MDAsImNvbmZpZ09y
aWdpbiI6Im5leHQuY29uZ
mlnLnRzIiwidXNlRmlsZV
N5c3RlbVB1YmxpY1JvdXR
lcyI6dHJ1ZSwiZ2VuZXJh
dGVFdGFncyI6dHJ1ZSwic
GFnZUV4dGVuc2lvbnMiOl
sidHN4IiwidHMiLCJqc3g
iLCJqcyJdLCJwb3dlcmVk
QnlIZWFkZXIiOnRydWUsI
mNvbXByZXNzIjp0cnVlLC
JpbWFnZXMiOnsiZGV2aWN
lU2l6ZXMiOls2NDAsNzUw
LDgyOCwxMDgwLDEyMDAsM
TkyMCwyMDQ4LDM4NDBdLC
JpbWFnZVNpemVzIjpbMTY
sMzIsNDgsNjQsOTYsMTI4
LDI1NiwzODRdLCJwYXRoI
joiL19uZXh0L2ltYWdlIi
wibG9hZGVyIjoiZGVmYXV
sdCIsImxvYWRlckZpbGUi
OiIiLCJkb21haW5zIjpbI
nlvdXItaW1hZ2UtZG9tYW
luLmNvbSJdLCJkaXNhYmx
lU3RhdGljSW1hZ2VzIjpm
YWxzZSwibWluaW11bUNhY
2hlVFRMIjo2MCwiZm9ybW
F0cyI6WyJpbWFnZS93ZWJ
wIl0sImRhbmdlcm91c2x5
QWxsb3dTVkciOmZhbHNlL
CJjb250ZW50U2VjdXJpdH
lQb2xpY3kiOiJzY3JpcHQ
tc3JjICdub25lJzsgZnJh
bWUtc3JjICdub25lJzsgc
2FuZGJveDsiLCJjb250ZW
50RGlzcG9zaXRpb25UeXB
lIjoiYXR0YWNobWVudCIs
InJlbW90ZVBhdHRlcm5zI
jpbXSwidW5vcHRpbWl6ZW
QiOmZhbHNlfSwiZGV2SW5
kaWNhdG9ycyI6eyJwb3Np
dGlvbiI6ImJvdHRvbS1sZ
WZ0In0sIm9uRGVtYW5kRW
50cmllcyI6eyJtYXhJbmF
jdGl2ZUFnZSI6NjAwMDAs
InBhZ2VzQnVmZmVyTGVuZ
3RoIjo1fSwiYW1wIjp7Im
Nhbm9uaWNhbEJhc2UiOiI
ifSwiYmFzZVBhdGgiOiIi
LCJzYXNzT3B0aW9ucyI6e
30sInRyYWlsaW5nU2xhc2
giOmZhbHNlLCJpMThuIjp
udWxsLCJwcm9kdWN0aW9u
QnJvd3NlclNvdXJjZU1hc
HMiOmZhbHNlLCJleGNsdW
RlRGVmYXVsdE1vbWVudEx
vY2FsZXMiOnRydWUsInNl
cnZlclJ1bnRpbWVDb25ma
WciOnt9LCJwdWJsaWNSdW
50aW1lQ29uZmlnIjp7fSw
icmVhY3RQcm9kdWN0aW9u
UHJvZmlsaW5nIjpmYWxzZ
SwicmVhY3RTdHJpY3RNb2
RlIjp0cnVlLCJyZWFjdE1
heEhlYWRlcnNMZW5ndGgi
OjYwMDAsImh0dHBBZ2Vud
E9wdGlvbnMiOnsia2VlcE
FsaXZlIjp0cnVlfSwibG9
nZ2luZyI6e30sImV4cGly
ZVRpbWUiOjMxNTM2MDAwL
CJzdGF0aWNQYWdlR2VuZX
JhdGlvblRpbWVvdXQiOjY
wLCJtb2R1bGFyaXplSW1w
b3J0cyI6eyJAbXVpL2ljb
25zLW1hdGVyaWFsIjp7In
RyYW5zZm9ybSI6IkBtdWk
vaWNvbnMtbWF0ZXJpYWwv
e3ttZW1iZXJ9fSJ9LCJsb
2Rhc2giOnsidHJhbnNmb3
JtIjoibG9kYXNoL3t7bWV
tYmVyfX0ifX0sIm91dHB1
dEZpbGVUcmFjaW5nUm9vd
CI6IkM6XFxVc2Vyc1xcUH
JpeWFcXC5nZW1pbmlcXGF
udGlncmF2aXR5XFxwbGF5
Z3JvdW5kXFx2ZWx2ZXQta
3VpcGVyXFxkcm9wLWx5Ii
wiZXhwZXJpbWVudGFsIjp
7Im5vZGVNaWRkbGV3YXJl
IjpmYWxzZSwiY2FjaGVMa
WZlIjp7ImRlZmF1bHQiOn
sic3RhbGUiOjMwMCwicmV
2YWxpZGF0ZSI6OTAwLCJl
eHBpcmUiOjQyOTQ5NjcyO
TR9LCJzZWNvbmRzIjp7In
N0YWxlIjowLCJyZXZhbGl
kYXRlIjoxLCJleHBpcmUi
OjYwfSwibWludXRlcyI6e
yJzdGFsZSI6MzAwLCJyZX
ZhbGlkYXRlIjo2MCwiZXh
waXJlIjozNjAwfSwiaG91
cnMiOnsic3RhbGUiOjMwM
CwicmV2YWxpZGF0ZSI6Mz
YwMCwiZXhwaXJlIjo4NjQ
wMH0sImRheXMiOnsic3Rh
bGUiOjMwMCwicmV2YWxpZ
GF0ZSI6ODY0MDAsImV4cG
lyZSI6NjA0ODAwfSwid2V
la3MiOnsic3RhbGUiOjMw
MCwicmV2YWxpZGF0ZSI6N
jA0ODAwLCJleHBpcmUiOj
I1OTIwMDB9LCJtYXgiOns
ic3RhbGUiOjMwMCwicmV2
YWxpZGF0ZSI6MjU5MjAwM
CwiZXhwaXJlIjo0Mjk0OT
Y3Mjk0fX0sImNhY2hlSGF
uZGxlcnMiOnt9LCJjc3ND
aHVua2luZyI6dHJ1ZSwib
XVsdGlab25lRHJhZnRNb2
RlIjpmYWxzZSwiYXBwTmF
2RmFpbEhhbmRsaW5nIjpm
YWxzZSwicHJlcmVuZGVyR
WFybHlFeGl0Ijp0cnVlLC
JzZXJ2ZXJNaW5pZmljYXR
pb24iOnRydWUsInNlcnZl
clNvdXJjZU1hcHMiOmZhb
HNlLCJsaW5rTm9Ub3VjaF
N0YXJ0IjpmYWxzZSwiY2F
zZVNlbnNpdGl2ZVJvdXRl
cyI6ZmFsc2UsImNsaWVud
FNlZ21lbnRDYWNoZSI6Zm
Fsc2UsImR5bmFtaWNPbkh
vdmVyIjpmYWxzZSwicHJl
bG9hZEVudHJpZXNPblN0Y
XJ0Ijp0cnVlLCJjbGllbn
RSb3V0ZXJGaWx0ZXIiOnR
ydWUsImNsaWVudFJvdXRl
ckZpbHRlclJlZGlyZWN0c
yI6ZmFsc2UsImZldGNoQ2
FjaGVLZXlQcmVmaXgiOiI
iLCJtaWRkbGV3YXJlUHJl
ZmV0Y2giOiJmbGV4aWJsZ
SIsIm9wdGltaXN0aWNDbG
llbnRDYWNoZSI6dHJ1ZSw
ibWFudWFsQ2xpZW50QmFz
ZVBhdGgiOmZhbHNlLCJjc
HVzIjoxMSwibWVtb3J5Qm
FzZWRXb3JrZXJzQ291bnQ
iOmZhbHNlLCJpbWdPcHRD
b25jdXJyZW5jeSI6bnVsb
CwiaW1nT3B0VGltZW91dE
luU2Vjb25kcyI6NywiaW1
nT3B0TWF4SW5wdXRQaXhl
bHMiOjI2ODQwMjY4OSwia
W1nT3B0U2VxdWVudGlhbF
JlYWQiOm51bGwsImlzckZ
sdXNoVG9EaXNrIjp0cnVl
LCJ3b3JrZXJUaHJlYWRzI
jpmYWxzZSwib3B0aW1pem
VDc3MiOmZhbHNlLCJuZXh
0U2NyaXB0V29ya2VycyI6
ZmFsc2UsInNjcm9sbFJlc
3RvcmF0aW9uIjpmYWxzZS
wiZXh0ZXJuYWxEaXIiOmZ
hbHNlLCJkaXNhYmxlT3B0
aW1pemVkTG9hZGluZyI6Z
mFsc2UsImd6aXBTaXplIj
p0cnVlLCJjcmFDb21wYXQ
iOmZhbHNlLCJlc21FeHRl
cm5hbHMiOnRydWUsImZ1b
Gx5U3BlY2lmaWVkIjpmYW
xzZSwic3djVHJhY2VQcm9
maWxpbmciOmZhbHNlLCJm
b3JjZVN3Y1RyYW5zZm9yb
XMiOmZhbHNlLCJsYXJnZV
BhZ2VEYXRhQnl0ZXMiOjE
yODAwMCwidHlwZWRSb3V0
ZXMiOmZhbHNlLCJ0eXBlZ
EVudiI6ZmFsc2UsInBhcm
FsbGVsU2VydmVyQ29tcGl
sZXMiOmZhbHNlLCJwYXJh
bGxlbFNlcnZlckJ1aWxkV
HJhY2VzIjpmYWxzZSwicH
ByIjpmYWxzZSwiYXV0aEl
udGVycnVwdHMiOmZhbHNl
LCJ3ZWJwYWNrTWVtb3J5T
3B0aW1pemF0aW9ucyI6Zm
Fsc2UsIm9wdGltaXplU2V
ydmVyUmVhY3QiOnRydWUs
InVzZUVhcmx5SW1wb3J0I
jpmYWxzZSwidmlld1RyYW
5zaXRpb24iOmZhbHNlLCJ
yb3V0ZXJCRkNhY2hlIjpm
YWxzZSwic3RhbGVUaW1lc
yI6eyJkeW5hbWljIjowLC
JzdGF0aWMiOjMwMH0sInN
lcnZlckNvbXBvbmVudHNI
bXJDYWNoZSI6dHJ1ZSwic
3RhdGljR2VuZXJhdGlvbk
1heENvbmN1cnJlbmN5Ijo
4LCJzdGF0aWNHZW5lcmF0
aW9uTWluUGFnZXNQZXJXb
3JrZXIiOjI1LCJkeW5hbW
ljSU8iOmZhbHNlLCJpbmx
pbmVDc3MiOmZhbHNlLCJ1
c2VDYWNoZSI6ZmFsc2UsI
m9wdGltaXplUGFja2FnZU
ltcG9ydHMiOlsibHVjaWR
lLXJlYWN0IiwiZGF0ZS1m
bnMiLCJsb2Rhc2gtZXMiL
CJyYW1kYSIsImFudGQiLC
JyZWFjdC1ib290c3RyYXA
iLCJhaG9va3MiLCJAYW50
LWRlc2lnbi9pY29ucyIsI
kBoZWFkbGVzc3VpL3JlYW
N0IiwiQGhlYWRsZXNzdWk
tZmxvYXQvcmVhY3QiLCJA
aGVyb2ljb25zL3JlYWN0L
zIwL3NvbGlkIiwiQGhlcm
9pY29ucy9yZWFjdC8yNC9
zb2xpZCIsIkBoZXJvaWNv
bnMvcmVhY3QvMjQvb3V0b
GluZSIsIkB2aXN4L3Zpc3
giLCJAdHJlbW9yL3JlYWN
0IiwicnhqcyIsIkBtdWkv
bWF0ZXJpYWwiLCJAbXVpL
2ljb25zLW1hdGVyaWFsIi
wicmVjaGFydHMiLCJyZWF
jdC11c2UiLCJlZmZlY3Qi
LCJAZWZmZWN0L3NjaGVtY
SIsIkBlZmZlY3QvcGxhdG
Zvcm0iLCJAZWZmZWN0L3B
sYXRmb3JtLW5vZGUiLCJA
ZWZmZWN0L3BsYXRmb3JtL
WJyb3dzZXIiLCJAZWZmZW
N0L3BsYXRmb3JtLWJ1biI
sIkBlZmZlY3Qvc3FsIiwi
QGVmZmVjdC9zcWwtbXNzc
WwiLCJAZWZmZWN0L3NxbC
1teXNxbDIiLCJAZWZmZWN
0L3NxbC1wZyIsIkBlZmZl
Y3Qvc3FsLXNxdWxpdGUtb
m9kZSIsIkBlZmZlY3Qvc3
FsLXNxdWxpdGUtYnVuIiw
iQGVmZmVjdC9zcWwtc3F1
bGl0ZS13YXNtIiwiQGVmZ
mVjdC9zcWwtc3F1bGl0ZS
1yZWFjdC1uYXRpdmUiLCJ
AZWZmZWN0L3JwYyIsIkBl
ZmZlY3QvcnBjLWh0dHAiL
CJAZWZmZWN0L3R5cGVjbG
FzcyIsIkBlZmZlY3QvZXh
wZXJpbWVudGFsIiwiQGVm
ZmVjdC9vcGVudGVsZW1ld
HJ5IiwiQG1hdGVyaWFsLX
VpL2NvcmUiLCJAbWF0ZXJ
pYWwtdWkvaWNvbnMiLCJA
dGFibGVyL2ljb25zLXJlY
WN0IiwibXVpLWNvcmUiLC
JyZWFjdC1pY29ucy9haSI
sInJlYWN0LWljb25zL2Jp
IiwicmVhY3QtaWNvbnMvY
nMiLCJyZWFjdC1pY29ucy
9jZyIsInJlYWN0LWljb25
zL2NpIiwicmVhY3QtaWNv
bnMvZGkiLCJyZWFjdC1pY
29ucy9mYSIsInJlYWN0LW
ljb25zL2ZhNiIsInJlYWN
0LWljb25zL2ZjIiwicmVh
Y3QtaWNvbnMvZmkiLCJyZ
WFjdC1pY29ucy9naSIsIn
JlYWN0LWljb25zL2dvIiw
icmVhY3QtaWNvbnMvZ3Ii
LCJyZWFjdC1pY29ucy9oa
SIsInJlYWN0LWljb25zL2
hpMiIsInJlYWN0LWljb25
zL2ltIiwicmVhY3QtaWNv
bnMvaW8iLCJyZWFjdC1pY
29ucy9pbzUiLCJyZWFjdC
1pY29ucy9saWEiLCJyZWF
jdC1pY29ucy9saWIiLCJy
ZWFjdC1pY29ucy9sdSIsI
nJlYWN0LWljb25zL21kIi
wicmVhY3QtaWNvbnMvcGk
iLCJyZWFjdC1pY29ucy9y
aSIsInJlYWN0LWljb25zL
3J4IiwicmVhY3QtaWNvbn
Mvc2kiLCJyZWFjdC1pY29
ucy9zbCIsInJlYWN0LWlj
b25zL3RiIiwicmVhY3Qta
WNvbnMvdGZpIiwicmVhY3
QtaWNvbnMvdGkiLCJyZWF
jdC1pY29ucy92c2MiLCJy
ZWFjdC1pY29ucy93aSJdf
SwiaHRtbExpbWl0ZWRCb3
RzIjoiTWVkaWFwYXJ0bmV
ycy1Hb29nbGV8U2x1cnB8
RHVja0R1Y2tCb3R8YmFpZ
HVzcGlkZXJ8eWFuZGV4fH
NvZ291fGJpdGx5Ym90fHR
1bWJscnx2a1NoYXJlfHF1
b3JhIGxpbmsgcHJldmlld
3xyZWRkaXRib3R8aWFfYX
JjaGl2ZXJ8QmluZ2JvdHx
CaW5nUHJldmlld3xhcHBs
ZWJvdHxmYWNlYm9va2V4d
GVybmFsaGl0fGZhY2Vib2
9rY2F0YWxvZ3xUd2l0dGV
yYm90fExpbmtlZEluQm90
fFNsYWNrYm90fERpc2Nvc
mRib3R8V2hhdHNBcHB8U2
t5cGVVcmlQcmV2aWV3fFl
ldGkiLCJidW5kbGVQYWdl
c1JvdXRlckRlcGVuZGVuY
2llcyI6ZmFsc2UsImNvbm
ZpZ0ZpbGUiOiJDOlxcVXN
lcnNcXFByaXlhXFwuZ2Vt
aW5pXFxhbnRpZ3Jhdml0e
VxccGxheWdyb3VuZFxcdm
VsdmV0LWt1aXBlclxcZHJ
vcC1seVxcbmV4dC5jb25m
aWcudHMiLCJjb25maWdGa
WxlTmFtZSI6Im5leHQuY2
9uZmlnLnRzIiwidHVyYm9
wYWNrIjp7InJvb3QiOiJD
OlxcVXNlcnNcXFByaXlhX
FwuZ2VtaW5pXFxhbnRpZ3
Jhdml0eVxccGxheWdyb3V
uZFxcdmVsdmV0LWt1aXBl
clxcZHJvcC1seSJ9fQ%3D
%3D&preferredRegion=&
middlewareConfig=e30%
3D&cacheHandlers=%7B%
7D!

./node_modules/dotenv
/lib/main.js:3:1
Module not found: 
Can't resolve 'os'
  1 | const fs = 
require('fs')
  2 | const path = 
require('path')
> 3 | const os = 
require('os')
    | ^
  4 | const crypto = 
require('crypto')
  5 | const 
packageJson = require
('../package.json')
  6 |

https://nextjs.org/do
cs/messages/module-no
t-found

Import trace for 
requested module:
./lib/db/index.ts
./app/api/folders/rou
te.ts
./node_modules/next/d
ist/build/webpack/loa
ders/next-edge-app-ro
ute-loader/index.js?a
bsolutePagePath=priva
te-next-app-dir%2Fapi
%2Ffolders%2Froute.ts
&page=%2Fapi%2Ffolder
s%2Froute&appDirLoade
r=bmV4dC1hcHAtbG9hZGV
yP25hbWU9YXBwJTJGYXBp
JTJGZm9sZGVycyUyRnJvd
XRlJnBhZ2U9JTJGYXBpJT
JGZm9sZGVycyUyRnJvdXR
lJnBhZ2VQYXRoPXByaXZh
dGUtbmV4dC1hcHAtZGlyJ
TJGYXBpJTJGZm9sZGVycy
UyRnJvdXRlLnRzJmFwcER
pcj1DJTNBJTVDVXNlcnMl
NUNQcml5YSU1Qy5nZW1pb
mklNUNhbnRpZ3Jhdml0eS
U1Q3BsYXlncm91bmQlNUN
2ZWx2ZXQta3VpcGVyJTVD
ZHJvcC1seSU1Q2FwcCZhc
HBQYXRocz0lMkZhcGklMk
Zmb2xkZXJzJTJGcm91dGU
mcGFnZUV4dGVuc2lvbnM9
dHN4JnBhZ2VFeHRlbnNpb
25zPXRzJnBhZ2VFeHRlbn
Npb25zPWpzeCZwYWdlRXh
0ZW5zaW9ucz1qcyZiYXNl
UGF0aD0mYXNzZXRQcmVma
Xg9Jm5leHRDb25maWdPdX
RwdXQ9JnByZWZlcnJlZFJ
lZ2lvbj0mbWlkZGxld2Fy
ZUNvbmZpZz1lMzAlM0Qh&
nextConfig=eyJlbnYiOn
t9LCJ3ZWJwYWNrIjpudWx
sLCJlc2xpbnQiOnsiaWdu
b3JlRHVyaW5nQnVpbGRzI
jp0cnVlfSwidHlwZXNjcm
lwdCI6eyJpZ25vcmVCdWl
sZEVycm9ycyI6ZmFsc2Us
InRzY29uZmlnUGF0aCI6I
nRzY29uZmlnLmpzb24ifS
wiZGlzdERpciI6Ii5uZXh
0IiwiY2xlYW5EaXN0RGly
Ijp0cnVlLCJhc3NldFByZ
WZpeCI6IiIsImNhY2hlTW
F4TWVtb3J5U2l6ZSI6NTI
0Mjg4MDAsImNvbmZpZ09y
aWdpbiI6Im5leHQuY29uZ
mlnLnRzIiwidXNlRmlsZV
N5c3RlbVB1YmxpY1JvdXR
lcyI6dHJ1ZSwiZ2VuZXJh
dGVFdGFncyI6dHJ1ZSwic
GFnZUV4dGVuc2lvbnMiOl
sidHN4IiwidHMiLCJqc3g
iLCJqcyJdLCJwb3dlcmVk
QnlIZWFkZXIiOnRydWUsI
mNvbXByZXNzIjp0cnVlLC
JpbWFnZXMiOnsiZGV2aWN
lU2l6ZXMiOls2NDAsNzUw
LDgyOCwxMDgwLDEyMDAsM
TkyMCwyMDQ4LDM4NDBdLC
JpbWFnZVNpemVzIjpbMTY
sMzIsNDgsNjQsOTYsMTI4
LDI1NiwzODRdLCJwYXRoI
joiL19uZXh0L2ltYWdlIi
wibG9hZGVyIjoiZGVmYXV
sdCIsImxvYWRlckZpbGUi
OiIiLCJkb21haW5zIjpbI
nlvdXItaW1hZ2UtZG9tYW
luLmNvbSJdLCJkaXNhYmx
lU3RhdGljSW1hZ2VzIjpm
YWxzZSwibWluaW11bUNhY
2hlVFRMIjo2MCwiZm9ybW
F0cyI6WyJpbWFnZS93ZWJ
wIl0sImRhbmdlcm91c2x5
QWxsb3dTVkciOmZhbHNlL
CJjb250ZW50U2VjdXJpdH
lQb2xpY3kiOiJzY3JpcHQ
tc3JjICdub25lJzsgZnJh
bWUtc3JjICdub25lJzsgc
2FuZGJveDsiLCJjb250ZW
50RGlzcG9zaXRpb25UeXB
lIjoiYXR0YWNobWVudCIs
InJlbW90ZVBhdHRlcm5zI
jpbXSwidW5vcHRpbWl6ZW
QiOmZhbHNlfSwiZGV2SW5
kaWNhdG9ycyI6eyJwb3Np
dGlvbiI6ImJvdHRvbS1sZ
WZ0In0sIm9uRGVtYW5kRW
50cmllcyI6eyJtYXhJbmF
jdGl2ZUFnZSI6NjAwMDAs
InBhZ2VzQnVmZmVyTGVuZ
3RoIjo1fSwiYW1wIjp7Im
Nhbm9uaWNhbEJhc2UiOiI
ifSwiYmFzZVBhdGgiOiIi
LCJzYXNzT3B0aW9ucyI6e
30sInRyYWlsaW5nU2xhc2
giOmZhbHNlLCJpMThuIjp
udWxsLCJwcm9kdWN0aW9u
QnJvd3NlclNvdXJjZU1hc
HMiOmZhbHNlLCJleGNsdW
RlRGVmYXVsdE1vbWVudEx
vY2FsZXMiOnRydWUsInNl
cnZlclJ1bnRpbWVDb25ma
WciOnt9LCJwdWJsaWNSdW
50aW1lQ29uZmlnIjp7fSw
icmVhY3RQcm9kdWN0aW9u
UHJvZmlsaW5nIjpmYWxzZ
SwicmVhY3RTdHJpY3RNb2
RlIjp0cnVlLCJyZWFjdE1
heEhlYWRlcnNMZW5ndGgi
OjYwMDAsImh0dHBBZ2Vud
E9wdGlvbnMiOnsia2VlcE
FsaXZlIjp0cnVlfSwibG9
nZ2luZyI6e30sImV4cGly
ZVRpbWUiOjMxNTM2MDAwL
CJzdGF0aWNQYWdlR2VuZX
JhdGlvblRpbWVvdXQiOjY
wLCJtb2R1bGFyaXplSW1w
b3J0cyI6eyJAbXVpL2ljb
25zLW1hdGVyaWFsIjp7In
RyYW5zZm9ybSI6IkBtdWk
vaWNvbnMtbWF0ZXJpYWwv
e3ttZW1iZXJ9fSJ9LCJsb
2Rhc2giOnsidHJhbnNmb3
JtIjoibG9kYXNoL3t7bWV
tYmVyfX0ifX0sIm91dHB1
dEZpbGVUcmFjaW5nUm9vd
CI6IkM6XFxVc2Vyc1xcUH
JpeWFcXC5nZW1pbmlcXGF
udGlncmF2aXR5XFxwbGF5
Z3JvdW5kXFx2ZWx2ZXQta
3VpcGVyXFxkcm9wLWx5Ii
wiZXhwZXJpbWVudGFsIjp
7Im5vZGVNaWRkbGV3YXJl
IjpmYWxzZSwiY2FjaGVMa
WZlIjp7ImRlZmF1bHQiOn
sic3RhbGUiOjMwMCwicmV
2YWxpZGF0ZSI6OTAwLCJl
eHBpcmUiOjQyOTQ5NjcyO
TR9LCJzZWNvbmRzIjp7In
N0YWxlIjowLCJyZXZhbGl
kYXRlIjoxLCJleHBpcmUi
OjYwfSwibWludXRlcyI6e
yJzdGFsZSI6MzAwLCJyZX
ZhbGlkYXRlIjo2MCwiZXh
waXJlIjozNjAwfSwiaG91
cnMiOnsic3RhbGUiOjMwM
CwicmV2YWxpZGF0ZSI6Mz
YwMCwiZXhwaXJlIjo4NjQ
wMH0sImRheXMiOnsic3Rh
bGUiOjMwMCwicmV2YWxpZ
GF0ZSI6ODY0MDAsImV4cG
lyZSI6NjA0ODAwfSwid2V
la3MiOnsic3RhbGUiOjMw
MCwicmV2YWxpZGF0ZSI6N
jA0ODAwLCJleHBpcmUiOj
I1OTIwMDB9LCJtYXgiOns
ic3RhbGUiOjMwMCwicmV2
YWxpZGF0ZSI6MjU5MjAwM
CwiZXhwaXJlIjo0Mjk0OT
Y3Mjk0fX0sImNhY2hlSGF
uZGxlcnMiOnt9LCJjc3ND
aHVua2luZyI6dHJ1ZSwib
XVsdGlab25lRHJhZnRNb2
RlIjpmYWxzZSwiYXBwTmF
2RmFpbEhhbmRsaW5nIjpm
YWxzZSwicHJlcmVuZGVyR
WFybHlFeGl0Ijp0cnVlLC
JzZXJ2ZXJNaW5pZmljYXR
pb24iOnRydWUsInNlcnZl
clNvdXJjZU1hcHMiOmZhb
HNlLCJsaW5rTm9Ub3VjaF
N0YXJ0IjpmYWxzZSwiY2F
zZVNlbnNpdGl2ZVJvdXRl
cyI6ZmFsc2UsImNsaWVud
FNlZ21lbnRDYWNoZSI6Zm
Fsc2UsImR5bmFtaWNPbkh
vdmVyIjpmYWxzZSwicHJl
bG9hZEVudHJpZXNPblN0Y
XJ0Ijp0cnVlLCJjbGllbn
RSb3V0ZXJGaWx0ZXIiOnR
ydWUsImNsaWVudFJvdXRl
ckZpbHRlclJlZGlyZWN0c
yI6ZmFsc2UsImZldGNoQ2
FjaGVLZXlQcmVmaXgiOiI
iLCJtaWRkbGV3YXJlUHJl
ZmV0Y2giOiJmbGV4aWJsZ
SIsIm9wdGltaXN0aWNDbG
llbnRDYWNoZSI6dHJ1ZSw
ibWFudWFsQ2xpZW50QmFz
ZVBhdGgiOmZhbHNlLCJjc
HVzIjoxMSwibWVtb3J5Qm
FzZWRXb3JrZXJzQ291bnQ
iOmZhbHNlLCJpbWdPcHRD
b25jdXJyZW5jeSI6bnVsb
CwiaW1nT3B0VGltZW91dE
luU2Vjb25kcyI6NywiaW1
nT3B0TWF4SW5wdXRQaXhl
bHMiOjI2ODQwMjY4OSwia
W1nT3B0U2VxdWVudGlhbF
JlYWQiOm51bGwsImlzckZ
sdXNoVG9EaXNrIjp0cnVl
LCJ3b3JrZXJUaHJlYWRzI
jpmYWxzZSwib3B0aW1pem
VDc3MiOmZhbHNlLCJuZXh
0U2NyaXB0V29ya2VycyI6
ZmFsc2UsInNjcm9sbFJlc
3RvcmF0aW9uIjpmYWxzZS
wiZXh0ZXJuYWxEaXIiOmZ
hbHNlLCJkaXNhYmxlT3B0
aW1pemVkTG9hZGluZyI6Z
mFsc2UsImd6aXBTaXplIj
p0cnVlLCJjcmFDb21wYXQ
iOmZhbHNlLCJlc21FeHRl
cm5hbHMiOnRydWUsImZ1b
Gx5U3BlY2lmaWVkIjpmYW
xzZSwic3djVHJhY2VQcm9
maWxpbmciOmZhbHNlLCJm
b3JjZVN3Y1RyYW5zZm9yb
XMiOmZhbHNlLCJsYXJnZV
BhZ2VEYXRhQnl0ZXMiOjE
yODAwMCwidHlwZWRSb3V0
ZXMiOmZhbHNlLCJ0eXBlZ
EVudiI6ZmFsc2UsInBhcm
FsbGVsU2VydmVyQ29tcGl
sZXMiOmZhbHNlLCJwYXJh
bGxlbFNlcnZlckJ1aWxkV
HJhY2VzIjpmYWxzZSwicH
ByIjpmYWxzZSwiYXV0aEl
udGVycnVwdHMiOmZhbHNl
LCJ3ZWJwYWNrTWVtb3J5T
3B0aW1pemF0aW9ucyI6Zm
Fsc2UsIm9wdGltaXplU2V
ydmVyUmVhY3QiOnRydWUs
InVzZUVhcmx5SW1wb3J0I
jpmYWxzZSwidmlld1RyYW
5zaXRpb24iOmZhbHNlLCJ
yb3V0ZXJCRkNhY2hlIjpm
YWxzZSwic3RhbGVUaW1lc
yI6eyJkeW5hbWljIjowLC
JzdGF0aWMiOjMwMH0sInN
lcnZlckNvbXBvbmVudHNI
bXJDYWNoZSI6dHJ1ZSwic
3RhdGljR2VuZXJhdGlvbk
1heENvbmN1cnJlbmN5Ijo
4LCJzdGF0aWNHZW5lcmF0
aW9uTWluUGFnZXNQZXJXb
3JrZXIiOjI1LCJkeW5hbW
ljSU8iOmZhbHNlLCJpbmx
pbmVDc3MiOmZhbHNlLCJ1
c2VDYWNoZSI6ZmFsc2UsI
m9wdGltaXplUGFja2FnZU
ltcG9ydHMiOlsibHVjaWR
lLXJlYWN0IiwiZGF0ZS1m
bnMiLCJsb2Rhc2gtZXMiL
CJyYW1kYSIsImFudGQiLC
JyZWFjdC1ib290c3RyYXA
iLCJhaG9va3MiLCJAYW50
LWRlc2lnbi9pY29ucyIsI
kBoZWFkbGVzc3VpL3JlYW
N0IiwiQGhlYWRsZXNzdWk
tZmxvYXQvcmVhY3QiLCJA
aGVyb2ljb25zL3JlYWN0L
zIwL3NvbGlkIiwiQGhlcm
9pY29ucy9yZWFjdC8yNC9
zb2xpZCIsIkBoZXJvaWNv
bnMvcmVhY3QvMjQvb3V0b
GluZSIsIkB2aXN4L3Zpc3
giLCJAdHJlbW9yL3JlYWN
0IiwicnhqcyIsIkBtdWkv
bWF0ZXJpYWwiLCJAbXVpL
2ljb25zLW1hdGVyaWFsIi
wicmVjaGFydHMiLCJyZWF
jdC11c2UiLCJlZmZlY3Qi
LCJAZWZmZWN0L3NjaGVtY
SIsIkBlZmZlY3QvcGxhdG
Zvcm0iLCJAZWZmZWN0L3B
sYXRmb3JtLW5vZGUiLCJA
ZWZmZWN0L3BsYXRmb3JtL
WJyb3dzZXIiLCJAZWZmZW
N0L3BsYXRmb3JtLWJ1biI
sIkBlZmZlY3Qvc3FsIiwi
QGVmZmVjdC9zcWwtbXNzc
WwiLCJAZWZmZWN0L3NxbC
1teXNxbDIiLCJAZWZmZWN
0L3NxbC1wZyIsIkBlZmZl
Y3Qvc3FsLXNxdWxpdGUtb
m9kZSIsIkBlZmZlY3Qvc3
FsLXNxdWxpdGUtYnVuIiw
iQGVmZmVjdC9zcWwtc3F1
bGl0ZS13YXNtIiwiQGVmZ
mVjdC9zcWwtc3F1bGl0ZS
1yZWFjdC1uYXRpdmUiLCJ
AZWZmZWN0L3JwYyIsIkBl
ZmZlY3QvcnBjLWh0dHAiL
CJAZWZmZWN0L3R5cGVjbG
FzcyIsIkBlZmZlY3QvZXh
wZXJpbWVudGFsIiwiQGVm
ZmVjdC9vcGVudGVsZW1ld
HJ5IiwiQG1hdGVyaWFsLX
VpL2NvcmUiLCJAbWF0ZXJ
pYWwtdWkvaWNvbnMiLCJA
dGFibGVyL2ljb25zLXJlY
WN0IiwibXVpLWNvcmUiLC
JyZWFjdC1pY29ucy9haSI
sInJlYWN0LWljb25zL2Jp
IiwicmVhY3QtaWNvbnMvY
nMiLCJyZWFjdC1pY29ucy
9jZyIsInJlYWN0LWljb25
zL2NpIiwicmVhY3QtaWNv
bnMvZGkiLCJyZWFjdC1pY
29ucy9mYSIsInJlYWN0LW
ljb25zL2ZhNiIsInJlYWN
0LWljb25zL2ZjIiwicmVh
Y3QtaWNvbnMvZmkiLCJyZ
WFjdC1pY29ucy9naSIsIn
JlYWN0LWljb25zL2dvIiw
icmVhY3QtaWNvbnMvZ3Ii
LCJyZWFjdC1pY29ucy9oa
SIsInJlYWN0LWljb25zL2
hpMiIsInJlYWN0LWljb25
zL2ltIiwicmVhY3QtaWNv
bnMvaW8iLCJyZWFjdC1pY
29ucy9pbzUiLCJyZWFjdC
1pY29ucy9saWEiLCJyZWF
jdC1pY29ucy9saWIiLCJy
ZWFjdC1pY29ucy9sdSIsI
nJlYWN0LWljb25zL21kIi
wicmVhY3QtaWNvbnMvcGk
iLCJyZWFjdC1pY29ucy9y
aSIsInJlYWN0LWljb25zL
3J4IiwicmVhY3QtaWNvbn
Mvc2kiLCJyZWFjdC1pY29
ucy9zbCIsInJlYWN0LWlj
b25zL3RiIiwicmVhY3Qta
WNvbnMvdGZpIiwicmVhY3
QtaWNvbnMvdGkiLCJyZWF
jdC1pY29ucy92c2MiLCJy
ZWFjdC1pY29ucy93aSJdf
SwiaHRtbExpbWl0ZWRCb3
RzIjoiTWVkaWFwYXJ0bmV
ycy1Hb29nbGV8U2x1cnB8
RHVja0R1Y2tCb3R8YmFpZ
HVzcGlkZXJ8eWFuZGV4fH
NvZ291fGJpdGx5Ym90fHR
1bWJscnx2a1NoYXJlfHF1
b3JhIGxpbmsgcHJldmlld
3xyZWRkaXRib3R8aWFfYX
JjaGl2ZXJ8QmluZ2JvdHx
CaW5nUHJldmlld3xhcHBs
ZWJvdHxmYWNlYm9va2V4d
GVybmFsaGl0fGZhY2Vib2
9rY2F0YWxvZ3xUd2l0dGV
yYm90fExpbmtlZEluQm90
fFNsYWNrYm90fERpc2Nvc
mRib3R8V2hhdHNBcHB8U2
t5cGVVcmlQcmV2aWV3fFl
ldGkiLCJidW5kbGVQYWdl
c1JvdXRlckRlcGVuZGVuY
2llcyI6ZmFsc2UsImNvbm
ZpZ0ZpbGUiOiJDOlxcVXN
lcnNcXFByaXlhXFwuZ2Vt
aW5pXFxhbnRpZ3Jhdml0e
VxccGxheWdyb3VuZFxcdm
VsdmV0LWt1aXBlclxcZHJ
vcC1seVxcbmV4dC5jb25m
aWcudHMiLCJjb25maWdGa
WxlTmFtZSI6Im5leHQuY2
9uZmlnLnRzIiwidHVyYm9
wYWNrIjp7InJvb3QiOiJD
OlxcVXNlcnNcXFByaXlhX
FwuZ2VtaW5pXFxhbnRpZ3
Jhdml0eVxccGxheWdyb3V
uZFxcdmVsdmV0LWt1aXBl
clxcZHJvcC1seSJ9fQ%3D
%3D&preferredRegion=&
middlewareConfig=e30%
3D&cacheHandlers=%7B%
7D!

./node_modules/dotenv
/lib/main.js:4:1
Module not found: 
Can't resolve 
'crypto'
  2 | const path = 
require('path')
  3 | const os = 
require('os')
> 4 | const crypto = 
require('crypto')
    | ^
  5 | const 
packageJson = require
('../package.json')
  6 |
  7 | const version 
= packageJson.version

https://nextjs.org/do
cs/messages/module-no
t-found

Import trace for 
requested module:
./lib/db/index.ts
./app/api/folders/rou
te.ts
./node_modules/next/d
ist/build/webpack/loa
ders/next-edge-app-ro
ute-loader/index.js?a
bsolutePagePath=priva
te-next-app-dir%2Fapi
%2Ffolders%2Froute.ts
&page=%2Fapi%2Ffolder
s%2Froute&appDirLoade
r=bmV4dC1hcHAtbG9hZGV
yP25hbWU9YXBwJTJGYXBp
JTJGZm9sZGVycyUyRnJvd
XRlJnBhZ2U9JTJGYXBpJT
JGZm9sZGVycyUyRnJvdXR
lJnBhZ2VQYXRoPXByaXZh
dGUtbmV4dC1hcHAtZGlyJ
TJGYXBpJTJGZm9sZGVycy
UyRnJvdXRlLnRzJmFwcER
pcj1DJTNBJTVDVXNlcnMl
NUNQcml5YSU1Qy5nZW1pb
mklNUNhbnRpZ3Jhdml0eS
U1Q3BsYXlncm91bmQlNUN
2ZWx2ZXQta3VpcGVyJTVD
ZHJvcC1seSU1Q2FwcCZhc
HBQYXRocz0lMkZhcGklMk
Zmb2xkZXJzJTJGcm91dGU
mcGFnZUV4dGVuc2lvbnM9
dHN4JnBhZ2VFeHRlbnNpb
25zPXRzJnBhZ2VFeHRlbn
Npb25zPWpzeCZwYWdlRXh
0ZW5zaW9ucz1qcyZiYXNl
UGF0aD0mYXNzZXRQcmVma
Xg9Jm5leHRDb25maWdPdX
RwdXQ9JnByZWZlcnJlZFJ
lZ2lvbj0mbWlkZGxld2Fy
ZUNvbmZpZz1lMzAlM0Qh&
nextConfig=eyJlbnYiOn
t9LCJ3ZWJwYWNrIjpudWx
sLCJlc2xpbnQiOnsiaWdu
b3JlRHVyaW5nQnVpbGRzI
jp0cnVlfSwidHlwZXNjcm
lwdCI6eyJpZ25vcmVCdWl
sZEVycm9ycyI6ZmFsc2Us
InRzY29uZmlnUGF0aCI6I
nRzY29uZmlnLmpzb24ifS
wiZGlzdERpciI6Ii5uZXh
0IiwiY2xlYW5EaXN0RGly
Ijp0cnVlLCJhc3NldFByZ
WZpeCI6IiIsImNhY2hlTW
F4TWVtb3J5U2l6ZSI6NTI
0Mjg4MDAsImNvbmZpZ09y
aWdpbiI6Im5leHQuY29uZ
mlnLnRzIiwidXNlRmlsZV
N5c3RlbVB1YmxpY1JvdXR
lcyI6dHJ1ZSwiZ2VuZXJh
dGVFdGFncyI6dHJ1ZSwic
GFnZUV4dGVuc2lvbnMiOl
sidHN4IiwidHMiLCJqc3g
iLCJqcyJdLCJwb3dlcmVk
QnlIZWFkZXIiOnRydWUsI
mNvbXByZXNzIjp0cnVlLC
JpbWFnZXMiOnsiZGV2aWN
lU2l6ZXMiOls2NDAsNzUw
LDgyOCwxMDgwLDEyMDAsM
TkyMCwyMDQ4LDM4NDBdLC
JpbWFnZVNpemVzIjpbMTY
sMzIsNDgsNjQsOTYsMTI4
LDI1NiwzODRdLCJwYXRoI
joiL19uZXh0L2ltYWdlIi
wibG9hZGVyIjoiZGVmYXV
sdCIsImxvYWRlckZpbGUi
OiIiLCJkb21haW5zIjpbI
nlvdXItaW1hZ2UtZG9tYW
luLmNvbSJdLCJkaXNhYmx
lU3RhdGljSW1hZ2VzIjpm
YWxzZSwibWluaW11bUNhY
2hlVFRMIjo2MCwiZm9ybW
F0cyI6WyJpbWFnZS93ZWJ
wIl0sImRhbmdlcm91c2x5
QWxsb3dTVkciOmZhbHNlL
CJjb250ZW50U2VjdXJpdH
lQb2xpY3kiOiJzY3JpcHQ
tc3JjICdub25lJzsgZnJh
bWUtc3JjICdub25lJzsgc
2FuZGJveDsiLCJjb250ZW
50RGlzcG9zaXRpb25UeXB
lIjoiYXR0YWNobWVudCIs
InJlbW90ZVBhdHRlcm5zI
jpbXSwidW5vcHRpbWl6ZW
QiOmZhbHNlfSwiZGV2SW5
kaWNhdG9ycyI6eyJwb3Np
dGlvbiI6ImJvdHRvbS1sZ
WZ0In0sIm9uRGVtYW5kRW
50cmllcyI6eyJtYXhJbmF
jdGl2ZUFnZSI6NjAwMDAs
InBhZ2VzQnVmZmVyTGVuZ
3RoIjo1fSwiYW1wIjp7Im
Nhbm9uaWNhbEJhc2UiOiI
ifSwiYmFzZVBhdGgiOiIi
LCJzYXNzT3B0aW9ucyI6e
30sInRyYWlsaW5nU2xhc2
giOmZhbHNlLCJpMThuIjp
udWxsLCJwcm9kdWN0aW9u
QnJvd3NlclNvdXJjZU1hc
HMiOmZhbHNlLCJleGNsdW
RlRGVmYXVsdE1vbWVudEx
vY2FsZXMiOnRydWUsInNl
cnZlclJ1bnRpbWVDb25ma
WciOnt9LCJwdWJsaWNSdW
50aW1lQ29uZmlnIjp7fSw
icmVhY3RQcm9kdWN0aW9u
UHJvZmlsaW5nIjpmYWxzZ
SwicmVhY3RTdHJpY3RNb2
RlIjp0cnVlLCJyZWFjdE1
heEhlYWRlcnNMZW5ndGgi
OjYwMDAsImh0dHBBZ2Vud
E9wdGlvbnMiOnsia2VlcE
FsaXZlIjp0cnVlfSwibG9
nZ2luZyI6e30sImV4cGly
ZVRpbWUiOjMxNTM2MDAwL
CJzdGF0aWNQYWdlR2VuZX
JhdGlvblRpbWVvdXQiOjY
wLCJtb2R1bGFyaXplSW1w
b3J0cyI6eyJAbXVpL2ljb
25zLW1hdGVyaWFsIjp7In
RyYW5zZm9ybSI6IkBtdWk
vaWNvbnMtbWF0ZXJpYWwv
e3ttZW1iZXJ9fSJ9LCJsb
2Rhc2giOnsidHJhbnNmb3
JtIjoibG9kYXNoL3t7bWV
tYmVyfX0ifX0sIm91dHB1
dEZpbGVUcmFjaW5nUm9vd
CI6IkM6XFxVc2Vyc1xcUH
JpeWFcXC5nZW1pbmlcXGF
udGlncmF2aXR5XFxwbGF5
Z3JvdW5kXFx2ZWx2ZXQta
3VpcGVyXFxkcm9wLWx5Ii
wiZXhwZXJpbWVudGFsIjp
7Im5vZGVNaWRkbGV3YXJl
IjpmYWxzZSwiY2FjaGVMa
WZlIjp7ImRlZmF1bHQiOn
sic3RhbGUiOjMwMCwicmV
2YWxpZGF0ZSI6OTAwLCJl
eHBpcmUiOjQyOTQ5NjcyO
TR9LCJzZWNvbmRzIjp7In
N0YWxlIjowLCJyZXZhbGl
kYXRlIjoxLCJleHBpcmUi
OjYwfSwibWludXRlcyI6e
yJzdGFsZSI6MzAwLCJyZX
ZhbGlkYXRlIjo2MCwiZXh
waXJlIjozNjAwfSwiaG91
cnMiOnsic3RhbGUiOjMwM
CwicmV2YWxpZGF0ZSI6Mz
YwMCwiZXhwaXJlIjo4NjQ
wMH0sImRheXMiOnsic3Rh
bGUiOjMwMCwicmV2YWxpZ
GF0ZSI6ODY0MDAsImV4cG
lyZSI6NjA0ODAwfSwid2V
la3MiOnsic3RhbGUiOjMw
MCwicmV2YWxpZGF0ZSI6N
jA0ODAwLCJleHBpcmUiOj
I1OTIwMDB9LCJtYXgiOns
ic3RhbGUiOjMwMCwicmV2
YWxpZGF0ZSI6MjU5MjAwM
CwiZXhwaXJlIjo0Mjk0OT
Y3Mjk0fX0sImNhY2hlSGF
uZGxlcnMiOnt9LCJjc3ND
aHVua2luZyI6dHJ1ZSwib
XVsdGlab25lRHJhZnRNb2
RlIjpmYWxzZSwiYXBwTmF
2RmFpbEhhbmRsaW5nIjpm
YWxzZSwicHJlcmVuZGVyR
WFybHlFeGl0Ijp0cnVlLC
JzZXJ2ZXJNaW5pZmljYXR
pb24iOnRydWUsInNlcnZl
clNvdXJjZU1hcHMiOmZhb
HNlLCJsaW5rTm9Ub3VjaF
N0YXJ0IjpmYWxzZSwiY2F
zZVNlbnNpdGl2ZVJvdXRl
cyI6ZmFsc2UsImNsaWVud
FNlZ21lbnRDYWNoZSI6Zm
Fsc2UsImR5bmFtaWNPbkh
vdmVyIjpmYWxzZSwicHJl
bG9hZEVudHJpZXNPblN0Y
XJ0Ijp0cnVlLCJjbGllbn
RSb3V0ZXJGaWx0ZXIiOnR
ydWUsImNsaWVudFJvdXRl
ckZpbHRlclJlZGlyZWN0c
yI6ZmFsc2UsImZldGNoQ2
FjaGVLZXlQcmVmaXgiOiI
iLCJtaWRkbGV3YXJlUHJl
ZmV0Y2giOiJmbGV4aWJsZ
SIsIm9wdGltaXN0aWNDbG
llbnRDYWNoZSI6dHJ1ZSw
ibWFudWFsQ2xpZW50QmFz
ZVBhdGgiOmZhbHNlLCJjc
HVzIjoxMSwibWVtb3J5Qm
FzZWRXb3JrZXJzQ291bnQ
iOmZhbHNlLCJpbWdPcHRD
b25jdXJyZW5jeSI6bnVsb
CwiaW1nT3B0VGltZW91dE
luU2Vjb25kcyI6NywiaW1
nT3B0TWF4SW5wdXRQaXhl
bHMiOjI2ODQwMjY4OSwia
W1nT3B0U2VxdWVudGlhbF
JlYWQiOm51bGwsImlzckZ
sdXNoVG9EaXNrIjp0cnVl
LCJ3b3JrZXJUaHJlYWRzI
jpmYWxzZSwib3B0aW1pem
VDc3MiOmZhbHNlLCJuZXh
0U2NyaXB0V29ya2VycyI6
ZmFsc2UsInNjcm9sbFJlc
3RvcmF0aW9uIjpmYWxzZS
wiZXh0ZXJuYWxEaXIiOmZ
hbHNlLCJkaXNhYmxlT3B0
aW1pemVkTG9hZGluZyI6Z
mFsc2UsImd6aXBTaXplIj
p0cnVlLCJjcmFDb21wYXQ
iOmZhbHNlLCJlc21FeHRl
cm5hbHMiOnRydWUsImZ1b
Gx5U3BlY2lmaWVkIjpmYW
xzZSwic3djVHJhY2VQcm9
maWxpbmciOmZhbHNlLCJm
b3JjZVN3Y1RyYW5zZm9yb
XMiOmZhbHNlLCJsYXJnZV
BhZ2VEYXRhQnl0ZXMiOjE
yODAwMCwidHlwZWRSb3V0
ZXMiOmZhbHNlLCJ0eXBlZ
EVudiI6ZmFsc2UsInBhcm
FsbGVsU2VydmVyQ29tcGl
sZXMiOmZhbHNlLCJwYXJh
bGxlbFNlcnZlckJ1aWxkV
HJhY2VzIjpmYWxzZSwicH
ByIjpmYWxzZSwiYXV0aEl
udGVycnVwdHMiOmZhbHNl
LCJ3ZWJwYWNrTWVtb3J5T
3B0aW1pemF0aW9ucyI6Zm
Fsc2UsIm9wdGltaXplU2V
ydmVyUmVhY3QiOnRydWUs
InVzZUVhcmx5SW1wb3J0I
jpmYWxzZSwidmlld1RyYW
5zaXRpb24iOmZhbHNlLCJ
yb3V0ZXJCRkNhY2hlIjpm
YWxzZSwic3RhbGVUaW1lc
yI6eyJkeW5hbWljIjowLC
JzdGF0aWMiOjMwMH0sInN
lcnZlckNvbXBvbmVudHNI
bXJDYWNoZSI6dHJ1ZSwic
3RhdGljR2VuZXJhdGlvbk
1heENvbmN1cnJlbmN5Ijo
4LCJzdGF0aWNHZW5lcmF0
aW9uTWluUGFnZXNQZXJXb
3JrZXIiOjI1LCJkeW5hbW
ljSU8iOmZhbHNlLCJpbmx
pbmVDc3MiOmZhbHNlLCJ1
c2VDYWNoZSI6ZmFsc2UsI
m9wdGltaXplUGFja2FnZU
ltcG9ydHMiOlsibHVjaWR
lLXJlYWN0IiwiZGF0ZS1m
bnMiLCJsb2Rhc2gtZXMiL
CJyYW1kYSIsImFudGQiLC
JyZWFjdC1ib290c3RyYXA
iLCJhaG9va3MiLCJAYW50
LWRlc2lnbi9pY29ucyIsI
kBoZWFkbGVzc3VpL3JlYW
N0IiwiQGhlYWRsZXNzdWk
tZmxvYXQvcmVhY3QiLCJA
aGVyb2ljb25zL3JlYWN0L
zIwL3NvbGlkIiwiQGhlcm
9pY29ucy9yZWFjdC8yNC9
zb2xpZCIsIkBoZXJvaWNv
bnMvcmVhY3QvMjQvb3V0b
GluZSIsIkB2aXN4L3Zpc3
giLCJAdHJlbW9yL3JlYWN
0IiwicnhqcyIsIkBtdWkv
bWF0ZXJpYWwiLCJAbXVpL
2ljb25zLW1hdGVyaWFsIi
wicmVjaGFydHMiLCJyZWF
jdC11c2UiLCJlZmZlY3Qi
LCJAZWZmZWN0L3NjaGVtY
SIsIkBlZmZlY3QvcGxhdG
Zvcm0iLCJAZWZmZWN0L3B
sYXRmb3JtLW5vZGUiLCJA
ZWZmZWN0L3BsYXRmb3JtL
WJyb3dzZXIiLCJAZWZmZW
N0L3BsYXRmb3JtLWJ1biI
sIkBlZmZlY3Qvc3FsIiwi
QGVmZmVjdC9zcWwtbXNzc
WwiLCJAZWZmZWN0L3NxbC
1teXNxbDIiLCJAZWZmZWN
0L3NxbC1wZyIsIkBlZmZl
Y3Qvc3FsLXNxdWxpdGUtb
m9kZSIsIkBlZmZlY3Qvc3
FsLXNxdWxpdGUtYnVuIiw
iQGVmZmVjdC9zcWwtc3F1
bGl0ZS13YXNtIiwiQGVmZ
mVjdC9zcWwtc3F1bGl0ZS
1yZWFjdC1uYXRpdmUiLCJ
AZWZmZWN0L3JwYyIsIkBl
ZmZlY3QvcnBjLWh0dHAiL
CJAZWZmZWN0L3R5cGVjbG
FzcyIsIkBlZmZlY3QvZXh
wZXJpbWVudGFsIiwiQGVm
ZmVjdC9vcGVudGVsZW1ld
HJ5IiwiQG1hdGVyaWFsLX
VpL2NvcmUiLCJAbWF0ZXJ
pYWwtdWkvaWNvbnMiLCJA
dGFibGVyL2ljb25zLXJlY
WN0IiwibXVpLWNvcmUiLC
JyZWFjdC1pY29ucy9haSI
sInJlYWN0LWljb25zL2Jp
IiwicmVhY3QtaWNvbnMvY
nMiLCJyZWFjdC1pY29ucy
9jZyIsInJlYWN0LWljb25
zL2NpIiwicmVhY3QtaWNv
bnMvZGkiLCJyZWFjdC1pY
29ucy9mYSIsInJlYWN0LW
ljb25zL2ZhNiIsInJlYWN
0LWljb25zL2ZjIiwicmVh
Y3QtaWNvbnMvZmkiLCJyZ
WFjdC1pY29ucy9naSIsIn
JlYWN0LWljb25zL2dvIiw
icmVhY3QtaWNvbnMvZ3Ii
LCJyZWFjdC1pY29ucy9oa
SIsInJlYWN0LWljb25zL2
hpMiIsInJlYWN0LWljb25
zL2ltIiwicmVhY3QtaWNv
bnMvaW8iLCJyZWFjdC1pY
29ucy9pbzUiLCJyZWFjdC
1pY29ucy9saWEiLCJyZWF
jdC1pY29ucy9saWIiLCJy
ZWFjdC1pY29ucy9sdSIsI
nJlYWN0LWljb25zL21kIi
wicmVhY3QtaWNvbnMvcGk
iLCJyZWFjdC1pY29ucy9y
aSIsInJlYWN0LWljb25zL
3J4IiwicmVhY3QtaWNvbn
Mvc2kiLCJyZWFjdC1pY29
ucy9zbCIsInJlYWN0LWlj
b25zL3RiIiwicmVhY3Qta
WNvbnMvdGZpIiwicmVhY3
QtaWNvbnMvdGkiLCJyZWF
jdC1pY29ucy92c2MiLCJy
ZWFjdC1pY29ucy93aSJdf
SwiaHRtbExpbWl0ZWRCb3
RzIjoiTWVkaWFwYXJ0bmV
ycy1Hb29nbGV8U2x1cnB8
RHVja0R1Y2tCb3R8YmFpZ
HVzcGlkZXJ8eWFuZGV4fH
NvZ291fGJpdGx5Ym90fHR
1bWJscnx2a1NoYXJlfHF1
b3JhIGxpbmsgcHJldmlld
3xyZWRkaXRib3R8aWFfYX
JjaGl2ZXJ8QmluZ2JvdHx
CaW5nUHJldmlld3xhcHBs
ZWJvdHxmYWNlYm9va2V4d
GVybmFsaGl0fGZhY2Vib2
9rY2F0YWxvZ3xUd2l0dGV
yYm90fExpbmtlZEluQm90
fFNsYWNrYm90fERpc2Nvc
mRib3R8V2hhdHNBcHB8U2
t5cGVVcmlQcmV2aWV3fFl
ldGkiLCJidW5kbGVQYWdl
c1JvdXRlckRlcGVuZGVuY
2llcyI6ZmFsc2UsImNvbm
ZpZ0ZpbGUiOiJDOlxcVXN
lcnNcXFByaXlhXFwuZ2Vt
aW5pXFxhbnRpZ3Jhdml0e
VxccGxheWdyb3VuZFxcdm
VsdmV0LWt1aXBlclxcZHJ
vcC1seVxcbmV4dC5jb25m
aWcudHMiLCJjb25maWdGa
WxlTmFtZSI6Im5leHQuY2
9uZmlnLnRzIiwidHVyYm9
wYWNrIjp7InJvb3QiOiJD
OlxcVXNlcnNcXFByaXlhX
FwuZ2VtaW5pXFxhbnRpZ3
Jhdml0eVxccGxheWdyb3V
uZFxcdmVsdmV0LWt1aXBl
clxcZHJvcC1seSJ9fQ%3D
%3D&preferredRegion=&
middlewareConfig=e30%
3D&cacheHandlers=%7B%
7D!

./node_modules/imagek
it/dist/libs/signatur
e/index.js:10:1
Module not found: 
Can't resolve 
'crypto'
   8 | */
   9 | var uuid_1 = 
require("uuid");
> 10 | var crypto_1 
= __importDefault(req
uire("crypto"));
     | ^
  11 | var 
DEFAULT_TIME_DIFF = 
60 * 30;
  12 | var getAuthent
icationParameters = 
function (token, 
expire, 
defaultOptions) {
  13 |     var 
defaultExpire = 
parseInt(String(new 
Date().getTime() / 
1000), 10) + 
DEFAULT_TIME_DIFF;

https://nextjs.org/do
cs/messages/module-no
t-found

Import trace for 
requested module:
./node_modules/imagek
it/dist/index.js
./app/api/upload/rout
e.ts
./node_modules/next/d
ist/build/webpack/loa
ders/next-edge-app-ro
ute-loader/index.js?a
bsolutePagePath=priva
te-next-app-dir%2Fapi
%2Fupload%2Froute.ts&
page=%2Fapi%2Fupload%
2Froute&appDirLoader=
bmV4dC1hcHAtbG9hZGVyP
25hbWU9YXBwJTJGYXBpJT
JGdXBsb2FkJTJGcm91dGU
mcGFnZT0lMkZhcGklMkZ1
cGxvYWQlMkZyb3V0ZSZwY
WdlUGF0aD1wcml2YXRlLW
5leHQtYXBwLWRpciUyRmF
waSUyRnVwbG9hZCUyRnJv
dXRlLnRzJmFwcERpcj1DJ
TNBJTVDVXNlcnMlNUNQcm
l5YSU1Qy5nZW1pbmklNUN
hbnRpZ3Jhdml0eSU1Q3Bs
YXlncm91bmQlNUN2ZWx2Z
XQta3VpcGVyJTVDZHJvcC
1seSU1Q2FwcCZhcHBQYXR
ocz0lMkZhcGklMkZ1cGxv
YWQlMkZyb3V0ZSZwYWdlR
Xh0ZW5zaW9ucz10c3gmcG
FnZUV4dGVuc2lvbnM9dHM
mcGFnZUV4dGVuc2lvbnM9
anN4JnBhZ2VFeHRlbnNpb
25zPWpzJmJhc2VQYXRoPS
Zhc3NldFByZWZpeD0mbmV
4dENvbmZpZ091dHB1dD0m
cHJlZmVycmVkUmVnaW9uP
SZtaWRkbGV3YXJlQ29uZm
lnPWUzMCUzRCE%3D&next
Config=eyJlbnYiOnt9LC
J3ZWJwYWNrIjpudWxsLCJ
lc2xpbnQiOnsiaWdub3Jl
RHVyaW5nQnVpbGRzIjp0c
nVlfSwidHlwZXNjcmlwdC
I6eyJpZ25vcmVCdWlsZEV
ycm9ycyI6ZmFsc2UsInRz
Y29uZmlnUGF0aCI6InRzY
29uZmlnLmpzb24ifSwiZG
lzdERpciI6Ii5uZXh0Iiw
iY2xlYW5EaXN0RGlyIjp0
cnVlLCJhc3NldFByZWZpe
CI6IiIsImNhY2hlTWF4TW
Vtb3J5U2l6ZSI6NTI0Mjg
4MDAsImNvbmZpZ09yaWdp
biI6Im5leHQuY29uZmlnL
nRzIiwidXNlRmlsZVN5c3
RlbVB1YmxpY1JvdXRlcyI
6dHJ1ZSwiZ2VuZXJhdGVF
dGFncyI6dHJ1ZSwicGFnZ
UV4dGVuc2lvbnMiOlsidH
N4IiwidHMiLCJqc3giLCJ
qcyJdLCJwb3dlcmVkQnlI
ZWFkZXIiOnRydWUsImNvb
XByZXNzIjp0cnVlLCJpbW
FnZXMiOnsiZGV2aWNlU2l
6ZXMiOls2NDAsNzUwLDgy
OCwxMDgwLDEyMDAsMTkyM
CwyMDQ4LDM4NDBdLCJpbW
FnZVNpemVzIjpbMTYsMzI
sNDgsNjQsOTYsMTI4LDI1
NiwzODRdLCJwYXRoIjoiL
19uZXh0L2ltYWdlIiwibG
9hZGVyIjoiZGVmYXVsdCI
sImxvYWRlckZpbGUiOiIi
LCJkb21haW5zIjpbInlvd
XItaW1hZ2UtZG9tYWluLm
NvbSJdLCJkaXNhYmxlU3R
hdGljSW1hZ2VzIjpmYWxz
ZSwibWluaW11bUNhY2hlV
FRMIjo2MCwiZm9ybWF0cy
I6WyJpbWFnZS93ZWJwIl0
sImRhbmdlcm91c2x5QWxs
b3dTVkciOmZhbHNlLCJjb
250ZW50U2VjdXJpdHlQb2
xpY3kiOiJzY3JpcHQtc3J
jICdub25lJzsgZnJhbWUt
c3JjICdub25lJzsgc2FuZ
GJveDsiLCJjb250ZW50RG
lzcG9zaXRpb25UeXBlIjo
iYXR0YWNobWVudCIsInJl
bW90ZVBhdHRlcm5zIjpbX
SwidW5vcHRpbWl6ZWQiOm
ZhbHNlfSwiZGV2SW5kaWN
hdG9ycyI6eyJwb3NpdGlv
biI6ImJvdHRvbS1sZWZ0I
n0sIm9uRGVtYW5kRW50cm
llcyI6eyJtYXhJbmFjdGl
2ZUFnZSI6NjAwMDAsInBh
Z2VzQnVmZmVyTGVuZ3RoI
jo1fSwiYW1wIjp7ImNhbm
9uaWNhbEJhc2UiOiIifSw
iYmFzZVBhdGgiOiIiLCJz
YXNzT3B0aW9ucyI6e30sI
nRyYWlsaW5nU2xhc2giOm
ZhbHNlLCJpMThuIjpudWx
sLCJwcm9kdWN0aW9uQnJv
d3NlclNvdXJjZU1hcHMiO
mZhbHNlLCJleGNsdWRlRG
VmYXVsdE1vbWVudExvY2F
sZXMiOnRydWUsInNlcnZl
clJ1bnRpbWVDb25maWciO
nt9LCJwdWJsaWNSdW50aW
1lQ29uZmlnIjp7fSwicmV
hY3RQcm9kdWN0aW9uUHJv
ZmlsaW5nIjpmYWxzZSwic
mVhY3RTdHJpY3RNb2RlIj
p0cnVlLCJyZWFjdE1heEh
lYWRlcnNMZW5ndGgiOjYw
MDAsImh0dHBBZ2VudE9wd
GlvbnMiOnsia2VlcEFsaX
ZlIjp0cnVlfSwibG9nZ2l
uZyI6e30sImV4cGlyZVRp
bWUiOjMxNTM2MDAwLCJzd
GF0aWNQYWdlR2VuZXJhdG
lvblRpbWVvdXQiOjYwLCJ
tb2R1bGFyaXplSW1wb3J0
cyI6eyJAbXVpL2ljb25zL
W1hdGVyaWFsIjp7InRyYW
5zZm9ybSI6IkBtdWkvaWN
vbnMtbWF0ZXJpYWwve3tt
ZW1iZXJ9fSJ9LCJsb2Rhc
2giOnsidHJhbnNmb3JtIj
oibG9kYXNoL3t7bWVtYmV
yfX0ifX0sIm91dHB1dEZp
bGVUcmFjaW5nUm9vdCI6I
kM6XFxVc2Vyc1xcUHJpeW
FcXC5nZW1pbmlcXGFudGl
ncmF2aXR5XFxwbGF5Z3Jv
dW5kXFx2ZWx2ZXQta3Vpc
GVyXFxkcm9wLWx5IiwiZX
hwZXJpbWVudGFsIjp7Im5
vZGVNaWRkbGV3YXJlIjpm
YWxzZSwiY2FjaGVMaWZlI
jp7ImRlZmF1bHQiOnsic3
RhbGUiOjMwMCwicmV2YWx
pZGF0ZSI6OTAwLCJleHBp
cmUiOjQyOTQ5NjcyOTR9L
CJzZWNvbmRzIjp7InN0YW
xlIjowLCJyZXZhbGlkYXR
lIjoxLCJleHBpcmUiOjYw
fSwibWludXRlcyI6eyJzd
GFsZSI6MzAwLCJyZXZhbG
lkYXRlIjo2MCwiZXhwaXJ
lIjozNjAwfSwiaG91cnMi
Onsic3RhbGUiOjMwMCwic
mV2YWxpZGF0ZSI6MzYwMC
wiZXhwaXJlIjo4NjQwMH0
sImRheXMiOnsic3RhbGUi
OjMwMCwicmV2YWxpZGF0Z
SI6ODY0MDAsImV4cGlyZS
I6NjA0ODAwfSwid2Vla3M
iOnsic3RhbGUiOjMwMCwi
cmV2YWxpZGF0ZSI6NjA0O
DAwLCJleHBpcmUiOjI1OT
IwMDB9LCJtYXgiOnsic3R
hbGUiOjMwMCwicmV2YWxp
ZGF0ZSI6MjU5MjAwMCwiZ
XhwaXJlIjo0Mjk0OTY3Mj
k0fX0sImNhY2hlSGFuZGx
lcnMiOnt9LCJjc3NDaHVu
a2luZyI6dHJ1ZSwibXVsd
Glab25lRHJhZnRNb2RlIj
pmYWxzZSwiYXBwTmF2RmF
pbEhhbmRsaW5nIjpmYWxz
ZSwicHJlcmVuZGVyRWFyb
HlFeGl0Ijp0cnVlLCJzZX
J2ZXJNaW5pZmljYXRpb24
iOnRydWUsInNlcnZlclNv
dXJjZU1hcHMiOmZhbHNlL
CJsaW5rTm9Ub3VjaFN0YX
J0IjpmYWxzZSwiY2FzZVN
lbnNpdGl2ZVJvdXRlcyI6
ZmFsc2UsImNsaWVudFNlZ
21lbnRDYWNoZSI6ZmFsc2
UsImR5bmFtaWNPbkhvdmV
yIjpmYWxzZSwicHJlbG9h
ZEVudHJpZXNPblN0YXJ0I
jp0cnVlLCJjbGllbnRSb3
V0ZXJGaWx0ZXIiOnRydWU
sImNsaWVudFJvdXRlckZp
bHRlclJlZGlyZWN0cyI6Z
mFsc2UsImZldGNoQ2FjaG
VLZXlQcmVmaXgiOiIiLCJ
taWRkbGV3YXJlUHJlZmV0
Y2giOiJmbGV4aWJsZSIsI
m9wdGltaXN0aWNDbGllbn
RDYWNoZSI6dHJ1ZSwibWF
udWFsQ2xpZW50QmFzZVBh
dGgiOmZhbHNlLCJjcHVzI
joxMSwibWVtb3J5QmFzZW
RXb3JrZXJzQ291bnQiOmZ
hbHNlLCJpbWdPcHRDb25j
dXJyZW5jeSI6bnVsbCwia
W1nT3B0VGltZW91dEluU2
Vjb25kcyI6NywiaW1nT3B
0TWF4SW5wdXRQaXhlbHMi
OjI2ODQwMjY4OSwiaW1nT
3B0U2VxdWVudGlhbFJlYW
QiOm51bGwsImlzckZsdXN
oVG9EaXNrIjp0cnVlLCJ3
b3JrZXJUaHJlYWRzIjpmY
WxzZSwib3B0aW1pemVDc3
MiOmZhbHNlLCJuZXh0U2N
yaXB0V29ya2VycyI6ZmFs
c2UsInNjcm9sbFJlc3Rvc
mF0aW9uIjpmYWxzZSwiZX
h0ZXJuYWxEaXIiOmZhbHN
lLCJkaXNhYmxlT3B0aW1p
emVkTG9hZGluZyI6ZmFsc
2UsImd6aXBTaXplIjp0cn
VlLCJjcmFDb21wYXQiOmZ
hbHNlLCJlc21FeHRlcm5h
bHMiOnRydWUsImZ1bGx5U
3BlY2lmaWVkIjpmYWxzZS
wic3djVHJhY2VQcm9maWx
pbmciOmZhbHNlLCJmb3Jj
ZVN3Y1RyYW5zZm9ybXMiO
mZhbHNlLCJsYXJnZVBhZ2
VEYXRhQnl0ZXMiOjEyODA
wMCwidHlwZWRSb3V0ZXMi
OmZhbHNlLCJ0eXBlZEVud
iI6ZmFsc2UsInBhcmFsbG
VsU2VydmVyQ29tcGlsZXM
iOmZhbHNlLCJwYXJhbGxl
bFNlcnZlckJ1aWxkVHJhY
2VzIjpmYWxzZSwicHByIj
pmYWxzZSwiYXV0aEludGV
ycnVwdHMiOmZhbHNlLCJ3
ZWJwYWNrTWVtb3J5T3B0a
W1pemF0aW9ucyI6ZmFsc2
UsIm9wdGltaXplU2VydmV
yUmVhY3QiOnRydWUsInVz
ZUVhcmx5SW1wb3J0IjpmY
WxzZSwidmlld1RyYW5zaX
Rpb24iOmZhbHNlLCJyb3V
0ZXJCRkNhY2hlIjpmYWxz
ZSwic3RhbGVUaW1lcyI6e
yJkeW5hbWljIjowLCJzdG
F0aWMiOjMwMH0sInNlcnZ
lckNvbXBvbmVudHNIbXJD
YWNoZSI6dHJ1ZSwic3Rhd
GljR2VuZXJhdGlvbk1heE
NvbmN1cnJlbmN5Ijo4LCJ
zdGF0aWNHZW5lcmF0aW9u
TWluUGFnZXNQZXJXb3JrZ
XIiOjI1LCJkeW5hbWljSU
8iOmZhbHNlLCJpbmxpbmV
Dc3MiOmZhbHNlLCJ1c2VD
YWNoZSI6ZmFsc2UsIm9wd
GltaXplUGFja2FnZUltcG
9ydHMiOlsibHVjaWRlLXJ
lYWN0IiwiZGF0ZS1mbnMi
LCJsb2Rhc2gtZXMiLCJyY
W1kYSIsImFudGQiLCJyZW
FjdC1ib290c3RyYXAiLCJ
haG9va3MiLCJAYW50LWRl
c2lnbi9pY29ucyIsIkBoZ
WFkbGVzc3VpL3JlYWN0Ii
wiQGhlYWRsZXNzdWktZmx
vYXQvcmVhY3QiLCJAaGVy
b2ljb25zL3JlYWN0LzIwL
3NvbGlkIiwiQGhlcm9pY2
9ucy9yZWFjdC8yNC9zb2x
pZCIsIkBoZXJvaWNvbnMv
cmVhY3QvMjQvb3V0bGluZ
SIsIkB2aXN4L3Zpc3giLC
JAdHJlbW9yL3JlYWN0Iiw
icnhqcyIsIkBtdWkvbWF0
ZXJpYWwiLCJAbXVpL2ljb
25zLW1hdGVyaWFsIiwicm
VjaGFydHMiLCJyZWFjdC1
1c2UiLCJlZmZlY3QiLCJA
ZWZmZWN0L3NjaGVtYSIsI
kBlZmZlY3QvcGxhdGZvcm
0iLCJAZWZmZWN0L3BsYXR
mb3JtLW5vZGUiLCJAZWZm
ZWN0L3BsYXRmb3JtLWJyb
3dzZXIiLCJAZWZmZWN0L3
BsYXRmb3JtLWJ1biIsIkB
lZmZlY3Qvc3FsIiwiQGVm
ZmVjdC9zcWwtbXNzcWwiL
CJAZWZmZWN0L3NxbC1teX
NxbDIiLCJAZWZmZWN0L3N
xbC1wZyIsIkBlZmZlY3Qv
c3FsLXNxdWxpdGUtbm9kZ
SIsIkBlZmZlY3Qvc3FsLX
NxdWxpdGUtYnVuIiwiQGV
mZmVjdC9zcWwtc3F1bGl0
ZS13YXNtIiwiQGVmZmVjd
C9zcWwtc3F1bGl0ZS1yZW
FjdC1uYXRpdmUiLCJAZWZ
mZWN0L3JwYyIsIkBlZmZl
Y3QvcnBjLWh0dHAiLCJAZ
WZmZWN0L3R5cGVjbGFzcy
IsIkBlZmZlY3QvZXhwZXJ
pbWVudGFsIiwiQGVmZmVj
dC9vcGVudGVsZW1ldHJ5I
iwiQG1hdGVyaWFsLXVpL2
NvcmUiLCJAbWF0ZXJpYWw
tdWkvaWNvbnMiLCJAdGFi
bGVyL2ljb25zLXJlYWN0I
iwibXVpLWNvcmUiLCJyZW
FjdC1pY29ucy9haSIsInJ
lYWN0LWljb25zL2JpIiwi
cmVhY3QtaWNvbnMvYnMiL
CJyZWFjdC1pY29ucy9jZy
IsInJlYWN0LWljb25zL2N
pIiwicmVhY3QtaWNvbnMv
ZGkiLCJyZWFjdC1pY29uc
y9mYSIsInJlYWN0LWljb2
5zL2ZhNiIsInJlYWN0LWl
jb25zL2ZjIiwicmVhY3Qt
aWNvbnMvZmkiLCJyZWFjd
C1pY29ucy9naSIsInJlYW
N0LWljb25zL2dvIiwicmV
hY3QtaWNvbnMvZ3IiLCJy
ZWFjdC1pY29ucy9oaSIsI
nJlYWN0LWljb25zL2hpMi
IsInJlYWN0LWljb25zL2l
tIiwicmVhY3QtaWNvbnMv
aW8iLCJyZWFjdC1pY29uc
y9pbzUiLCJyZWFjdC1pY2
9ucy9saWEiLCJyZWFjdC1
pY29ucy9saWIiLCJyZWFj
dC1pY29ucy9sdSIsInJlY
WN0LWljb25zL21kIiwicm
VhY3QtaWNvbnMvcGkiLCJ
yZWFjdC1pY29ucy9yaSIs
InJlYWN0LWljb25zL3J4I
iwicmVhY3QtaWNvbnMvc2
kiLCJyZWFjdC1pY29ucy9
zbCIsInJlYWN0LWljb25z
L3RiIiwicmVhY3QtaWNvb
nMvdGZpIiwicmVhY3QtaW
NvbnMvdGkiLCJyZWFjdC1
pY29ucy92c2MiLCJyZWFj
dC1pY29ucy93aSJdfSwia
HRtbExpbWl0ZWRCb3RzIj
oiTWVkaWFwYXJ0bmVycy1
Hb29nbGV8U2x1cnB8RHVj
a0R1Y2tCb3R8YmFpZHVzc
GlkZXJ8eWFuZGV4fHNvZ2
91fGJpdGx5Ym90fHR1bWJ
scnx2a1NoYXJlfHF1b3Jh
IGxpbmsgcHJldmlld3xyZ
WRkaXRib3R8aWFfYXJjaG
l2ZXJ8QmluZ2JvdHxCaW5
nUHJldmlld3xhcHBsZWJv
dHxmYWNlYm9va2V4dGVyb
mFsaGl0fGZhY2Vib29rY2
F0YWxvZ3xUd2l0dGVyYm9
0fExpbmtlZEluQm90fFNs
YWNrYm90fERpc2NvcmRib
3R8V2hhdHNBcHB8U2t5cG
VVcmlQcmV2aWV3fFlldGk
iLCJidW5kbGVQYWdlc1Jv
dXRlckRlcGVuZGVuY2llc
yI6ZmFsc2UsImNvbmZpZ0
ZpbGUiOiJDOlxcVXNlcnN
cXFByaXlhXFwuZ2VtaW5p
XFxhbnRpZ3Jhdml0eVxcc
GxheWdyb3VuZFxcdmVsdm
V0LWt1aXBlclxcZHJvcC1
seVxcbmV4dC5jb25maWcu
dHMiLCJjb25maWdGaWxlT
mFtZSI6Im5leHQuY29uZm
lnLnRzIiwidHVyYm9wYWN
rIjp7InJvb3QiOiJDOlxc
VXNlcnNcXFByaXlhXFwuZ
2VtaW5pXFxhbnRpZ3Jhdm
l0eVxccGxheWdyb3VuZFx
cdmVsdmV0LWt1aXBlclxc
ZHJvcC1seSJ9fQ%3D%3D&
preferredRegion=&midd
lewareConfig=e30%3D&c
acheHandlers=%7B%7D!

./node_modules/imagek
it/dist/libs/url/buil
der.js:11:1
Module not found: 
Can't resolve 'path'
   9 | */
  10 | var url_1 = 
require("url");
> 11 | var path_1 = _
_importDefault(requir
e("path"));
     | ^
  12 | var crypto_1 
= __importDefault(req
uire("crypto"));
  13 | /*
  14 |     Utils

https://nextjs.org/do
cs/messages/module-no
t-found

Import trace for 
requested module:
./node_modules/imagek
it/dist/libs/url/inde
x.js
./node_modules/imagek
it/dist/index.js
./app/api/upload/rout
e.ts
./node_modules/next/d
ist/build/webpack/loa
ders/next-edge-app-ro
ute-loader/index.js?a
bsolutePagePath=priva
te-next-app-dir%2Fapi
%2Fupload%2Froute.ts&
page=%2Fapi%2Fupload%
2Froute&appDirLoader=
bmV4dC1hcHAtbG9hZGVyP
25hbWU9YXBwJTJGYXBpJT
JGdXBsb2FkJTJGcm91dGU
mcGFnZT0lMkZhcGklMkZ1
cGxvYWQlMkZyb3V0ZSZwY
WdlUGF0aD1wcml2YXRlLW
5leHQtYXBwLWRpciUyRmF
waSUyRnVwbG9hZCUyRnJv
dXRlLnRzJmFwcERpcj1DJ
TNBJTVDVXNlcnMlNUNQcm
l5YSU1Qy5nZW1pbmklNUN
hbnRpZ3Jhdml0eSU1Q3Bs
YXlncm91bmQlNUN2ZWx2Z
XQta3VpcGVyJTVDZHJvcC
1seSU1Q2FwcCZhcHBQYXR
ocz0lMkZhcGklMkZ1cGxv
YWQlMkZyb3V0ZSZwYWdlR
Xh0ZW5zaW9ucz10c3gmcG
FnZUV4dGVuc2lvbnM9dHM
mcGFnZUV4dGVuc2lvbnM9
anN4JnBhZ2VFeHRlbnNpb
25zPWpzJmJhc2VQYXRoPS
Zhc3NldFByZWZpeD0mbmV
4dENvbmZpZ091dHB1dD0m
cHJlZmVycmVkUmVnaW9uP
SZtaWRkbGV3YXJlQ29uZm
lnPWUzMCUzRCE%3D&next
Config=eyJlbnYiOnt9LC
J3ZWJwYWNrIjpudWxsLCJ
lc2xpbnQiOnsiaWdub3Jl
RHVyaW5nQnVpbGRzIjp0c
nVlfSwidHlwZXNjcmlwdC
I6eyJpZ25vcmVCdWlsZEV
ycm9ycyI6ZmFsc2UsInRz
Y29uZmlnUGF0aCI6InRzY
29uZmlnLmpzb24ifSwiZG
lzdERpciI6Ii5uZXh0Iiw
iY2xlYW5EaXN0RGlyIjp0
cnVlLCJhc3NldFByZWZpe
CI6IiIsImNhY2hlTWF4TW
Vtb3J5U2l6ZSI6NTI0Mjg
4MDAsImNvbmZpZ09yaWdp
biI6Im5leHQuY29uZmlnL
nRzIiwidXNlRmlsZVN5c3
RlbVB1YmxpY1JvdXRlcyI
6dHJ1ZSwiZ2VuZXJhdGVF
dGFncyI6dHJ1ZSwicGFnZ
UV4dGVuc2lvbnMiOlsidH
N4IiwidHMiLCJqc3giLCJ
qcyJdLCJwb3dlcmVkQnlI
ZWFkZXIiOnRydWUsImNvb
XByZXNzIjp0cnVlLCJpbW
FnZXMiOnsiZGV2aWNlU2l
6ZXMiOls2NDAsNzUwLDgy
OCwxMDgwLDEyMDAsMTkyM
CwyMDQ4LDM4NDBdLCJpbW
FnZVNpemVzIjpbMTYsMzI
sNDgsNjQsOTYsMTI4LDI1
NiwzODRdLCJwYXRoIjoiL
19uZXh0L2ltYWdlIiwibG
9hZGVyIjoiZGVmYXVsdCI
sImxvYWRlckZpbGUiOiIi
LCJkb21haW5zIjpbInlvd
XItaW1hZ2UtZG9tYWluLm
NvbSJdLCJkaXNhYmxlU3R
hdGljSW1hZ2VzIjpmYWxz
ZSwibWluaW11bUNhY2hlV
FRMIjo2MCwiZm9ybWF0cy
I6WyJpbWFnZS93ZWJwIl0
sImRhbmdlcm91c2x5QWxs
b3dTVkciOmZhbHNlLCJjb
250ZW50U2VjdXJpdHlQb2
xpY3kiOiJzY3JpcHQtc3J
jICdub25lJzsgZnJhbWUt
c3JjICdub25lJzsgc2FuZ
GJveDsiLCJjb250ZW50RG
lzcG9zaXRpb25UeXBlIjo
iYXR0YWNobWVudCIsInJl
bW90ZVBhdHRlcm5zIjpbX
SwidW5vcHRpbWl6ZWQiOm
ZhbHNlfSwiZGV2SW5kaWN
hdG9ycyI6eyJwb3NpdGlv
biI6ImJvdHRvbS1sZWZ0I
n0sIm9uRGVtYW5kRW50cm
llcyI6eyJtYXhJbmFjdGl
2ZUFnZSI6NjAwMDAsInBh
Z2VzQnVmZmVyTGVuZ3RoI
jo1fSwiYW1wIjp7ImNhbm
9uaWNhbEJhc2UiOiIifSw
iYmFzZVBhdGgiOiIiLCJz
YXNzT3B0aW9ucyI6e30sI
nRyYWlsaW5nU2xhc2giOm
ZhbHNlLCJpMThuIjpudWx
sLCJwcm9kdWN0aW9uQnJv
d3NlclNvdXJjZU1hcHMiO
mZhbHNlLCJleGNsdWRlRG
VmYXVsdE1vbWVudExvY2F
sZXMiOnRydWUsInNlcnZl
clJ1bnRpbWVDb25maWciO
nt9LCJwdWJsaWNSdW50aW
1lQ29uZmlnIjp7fSwicmV
hY3RQcm9kdWN0aW9uUHJv
ZmlsaW5nIjpmYWxzZSwic
mVhY3RTdHJpY3RNb2RlIj
p0cnVlLCJyZWFjdE1heEh
lYWRlcnNMZW5ndGgiOjYw
MDAsImh0dHBBZ2VudE9wd
GlvbnMiOnsia2VlcEFsaX
ZlIjp0cnVlfSwibG9nZ2l
uZyI6e30sImV4cGlyZVRp
bWUiOjMxNTM2MDAwLCJzd
GF0aWNQYWdlR2VuZXJhdG
lvblRpbWVvdXQiOjYwLCJ
tb2R1bGFyaXplSW1wb3J0
cyI6eyJAbXVpL2ljb25zL
W1hdGVyaWFsIjp7InRyYW
5zZm9ybSI6IkBtdWkvaWN
vbnMtbWF0ZXJpYWwve3tt
ZW1iZXJ9fSJ9LCJsb2Rhc
2giOnsidHJhbnNmb3JtIj
oibG9kYXNoL3t7bWVtYmV
yfX0ifX0sIm91dHB1dEZp
bGVUcmFjaW5nUm9vdCI6I
kM6XFxVc2Vyc1xcUHJpeW
FcXC5nZW1pbmlcXGFudGl
ncmF2aXR5XFxwbGF5Z3Jv
dW5kXFx2ZWx2ZXQta3Vpc
GVyXFxkcm9wLWx5IiwiZX
hwZXJpbWVudGFsIjp7Im5
vZGVNaWRkbGV3YXJlIjpm
YWxzZSwiY2FjaGVMaWZlI
jp7ImRlZmF1bHQiOnsic3
RhbGUiOjMwMCwicmV2YWx
pZGF0ZSI6OTAwLCJleHBp
cmUiOjQyOTQ5NjcyOTR9L
CJzZWNvbmRzIjp7InN0YW
xlIjowLCJyZXZhbGlkYXR
lIjoxLCJleHBpcmUiOjYw
fSwibWludXRlcyI6eyJzd
GFsZSI6MzAwLCJyZXZhbG
lkYXRlIjo2MCwiZXhwaXJ
lIjozNjAwfSwiaG91cnMi
Onsic3RhbGUiOjMwMCwic
mV2YWxpZGF0ZSI6MzYwMC
wiZXhwaXJlIjo4NjQwMH0
sImRheXMiOnsic3RhbGUi
OjMwMCwicmV2YWxpZGF0Z
SI6ODY0MDAsImV4cGlyZS
I6NjA0ODAwfSwid2Vla3M
iOnsic3RhbGUiOjMwMCwi
cmV2YWxpZGF0ZSI6NjA0O
DAwLCJleHBpcmUiOjI1OT
IwMDB9LCJtYXgiOnsic3R
hbGUiOjMwMCwicmV2YWxp
ZGF0ZSI6MjU5MjAwMCwiZ
XhwaXJlIjo0Mjk0OTY3Mj
k0fX0sImNhY2hlSGFuZGx
lcnMiOnt9LCJjc3NDaHVu
a2luZyI6dHJ1ZSwibXVsd
Glab25lRHJhZnRNb2RlIj
pmYWxzZSwiYXBwTmF2RmF
pbEhhbmRsaW5nIjpmYWxz
ZSwicHJlcmVuZGVyRWFyb
HlFeGl0Ijp0cnVlLCJzZX
J2ZXJNaW5pZmljYXRpb24
iOnRydWUsInNlcnZlclNv
dXJjZU1hcHMiOmZhbHNlL
CJsaW5rTm9Ub3VjaFN0YX
J0IjpmYWxzZSwiY2FzZVN
lbnNpdGl2ZVJvdXRlcyI6
ZmFsc2UsImNsaWVudFNlZ
21lbnRDYWNoZSI6ZmFsc2
UsImR5bmFtaWNPbkhvdmV
yIjpmYWxzZSwicHJlbG9h
ZEVudHJpZXNPblN0YXJ0I
jp0cnVlLCJjbGllbnRSb3
V0ZXJGaWx0ZXIiOnRydWU
sImNsaWVudFJvdXRlckZp
bHRlclJlZGlyZWN0cyI6Z
mFsc2UsImZldGNoQ2FjaG
VLZXlQcmVmaXgiOiIiLCJ
taWRkbGV3YXJlUHJlZmV0
Y2giOiJmbGV4aWJsZSIsI
m9wdGltaXN0aWNDbGllbn
RDYWNoZSI6dHJ1ZSwibWF
udWFsQ2xpZW50QmFzZVBh
dGgiOmZhbHNlLCJjcHVzI
joxMSwibWVtb3J5QmFzZW
RXb3JrZXJzQ291bnQiOmZ
hbHNlLCJpbWdPcHRDb25j
dXJyZW5jeSI6bnVsbCwia
W1nT3B0VGltZW91dEluU2
Vjb25kcyI6NywiaW1nT3B
0TWF4SW5wdXRQaXhlbHMi
OjI2ODQwMjY4OSwiaW1nT
3B0U2VxdWVudGlhbFJlYW
QiOm51bGwsImlzckZsdXN
oVG9EaXNrIjp0cnVlLCJ3
b3JrZXJUaHJlYWRzIjpmY
WxzZSwib3B0aW1pemVDc3
MiOmZhbHNlLCJuZXh0U2N
yaXB0V29ya2VycyI6ZmFs
c2UsInNjcm9sbFJlc3Rvc
mF0aW9uIjpmYWxzZSwiZX
h0ZXJuYWxEaXIiOmZhbHN
lLCJkaXNhYmxlT3B0aW1p
emVkTG9hZGluZyI6ZmFsc
2UsImd6aXBTaXplIjp0cn
VlLCJjcmFDb21wYXQiOmZ
hbHNlLCJlc21FeHRlcm5h
bHMiOnRydWUsImZ1bGx5U
3BlY2lmaWVkIjpmYWxzZS
wic3djVHJhY2VQcm9maWx
pbmciOmZhbHNlLCJmb3Jj
ZVN3Y1RyYW5zZm9ybXMiO
mZhbHNlLCJsYXJnZVBhZ2
VEYXRhQnl0ZXMiOjEyODA
wMCwidHlwZWRSb3V0ZXMi
OmZhbHNlLCJ0eXBlZEVud
iI6ZmFsc2UsInBhcmFsbG
VsU2VydmVyQ29tcGlsZXM
iOmZhbHNlLCJwYXJhbGxl
bFNlcnZlckJ1aWxkVHJhY
2VzIjpmYWxzZSwicHByIj
pmYWxzZSwiYXV0aEludGV
ycnVwdHMiOmZhbHNlLCJ3
ZWJwYWNrTWVtb3J5T3B0a
W1pemF0aW9ucyI6ZmFsc2
UsIm9wdGltaXplU2VydmV
yUmVhY3QiOnRydWUsInVz
ZUVhcmx5SW1wb3J0IjpmY
WxzZSwidmlld1RyYW5zaX
Rpb24iOmZhbHNlLCJyb3V
0ZXJCRkNhY2hlIjpmYWxz
ZSwic3RhbGVUaW1lcyI6e
yJkeW5hbWljIjowLCJzdG
F0aWMiOjMwMH0sInNlcnZ
lckNvbXBvbmVudHNIbXJD
YWNoZSI6dHJ1ZSwic3Rhd
GljR2VuZXJhdGlvbk1heE
NvbmN1cnJlbmN5Ijo4LCJ
zdGF0aWNHZW5lcmF0aW9u
TWluUGFnZXNQZXJXb3JrZ
XIiOjI1LCJkeW5hbWljSU
8iOmZhbHNlLCJpbmxpbmV
Dc3MiOmZhbHNlLCJ1c2VD
YWNoZSI6ZmFsc2UsIm9wd
GltaXplUGFja2FnZUltcG
9ydHMiOlsibHVjaWRlLXJ
lYWN0IiwiZGF0ZS1mbnMi
LCJsb2Rhc2gtZXMiLCJyY
W1kYSIsImFudGQiLCJyZW
FjdC1ib290c3RyYXAiLCJ
haG9va3MiLCJAYW50LWRl
c2lnbi9pY29ucyIsIkBoZ
WFkbGVzc3VpL3JlYWN0Ii
wiQGhlYWRsZXNzdWktZmx
vYXQvcmVhY3QiLCJAaGVy
b2ljb25zL3JlYWN0LzIwL
3NvbGlkIiwiQGhlcm9pY2
9ucy9yZWFjdC8yNC9zb2x
pZCIsIkBoZXJvaWNvbnMv
cmVhY3QvMjQvb3V0bGluZ
SIsIkB2aXN4L3Zpc3giLC
JAdHJlbW9yL3JlYWN0Iiw
icnhqcyIsIkBtdWkvbWF0
ZXJpYWwiLCJAbXVpL2ljb
25zLW1hdGVyaWFsIiwicm
VjaGFydHMiLCJyZWFjdC1
1c2UiLCJlZmZlY3QiLCJA
ZWZmZWN0L3NjaGVtYSIsI
kBlZmZlY3QvcGxhdGZvcm
0iLCJAZWZmZWN0L3BsYXR
mb3JtLW5vZGUiLCJAZWZm
ZWN0L3BsYXRmb3JtLWJyb
3dzZXIiLCJAZWZmZWN0L3
BsYXRmb3JtLWJ1biIsIkB
lZmZlY3Qvc3FsIiwiQGVm
ZmVjdC9zcWwtbXNzcWwiL
CJAZWZmZWN0L3NxbC1teX
NxbDIiLCJAZWZmZWN0L3N
xbC1wZyIsIkBlZmZlY3Qv
c3FsLXNxdWxpdGUtbm9kZ
SIsIkBlZmZlY3Qvc3FsLX
NxdWxpdGUtYnVuIiwiQGV
mZmVjdC9zcWwtc3F1bGl0
ZS13YXNtIiwiQGVmZmVjd
C9zcWwtc3F1bGl0ZS1yZW
FjdC1uYXRpdmUiLCJAZWZ
mZWN0L3JwYyIsIkBlZmZl
Y3QvcnBjLWh0dHAiLCJAZ
WZmZWN0L3R5cGVjbGFzcy
IsIkBlZmZlY3QvZXhwZXJ
pbWVudGFsIiwiQGVmZmVj
dC9vcGVudGVsZW1ldHJ5I
iwiQG1hdGVyaWFsLXVpL2
NvcmUiLCJAbWF0ZXJpYWw
tdWkvaWNvbnMiLCJAdGFi
bGVyL2ljb25zLXJlYWN0I
iwibXVpLWNvcmUiLCJyZW
FjdC1pY29ucy9haSIsInJ
lYWN0LWljb25zL2JpIiwi
cmVhY3QtaWNvbnMvYnMiL
CJyZWFjdC1pY29ucy9jZy
IsInJlYWN0LWljb25zL2N
pIiwicmVhY3QtaWNvbnMv
ZGkiLCJyZWFjdC1pY29uc
y9mYSIsInJlYWN0LWljb2
5zL2ZhNiIsInJlYWN0LWl
jb25zL2ZjIiwicmVhY3Qt
aWNvbnMvZmkiLCJyZWFjd
C1pY29ucy9naSIsInJlYW
N0LWljb25zL2dvIiwicmV
hY3QtaWNvbnMvZ3IiLCJy
ZWFjdC1pY29ucy9oaSIsI
nJlYWN0LWljb25zL2hpMi
IsInJlYWN0LWljb25zL2l
tIiwicmVhY3QtaWNvbnMv
aW8iLCJyZWFjdC1pY29uc
y9pbzUiLCJyZWFjdC1pY2
9ucy9saWEiLCJyZWFjdC1
pY29ucy9saWIiLCJyZWFj
dC1pY29ucy9sdSIsInJlY
WN0LWljb25zL21kIiwicm
VhY3QtaWNvbnMvcGkiLCJ
yZWFjdC1pY29ucy9yaSIs
InJlYWN0LWljb25zL3J4I
iwicmVhY3QtaWNvbnMvc2
kiLCJyZWFjdC1pY29ucy9
zbCIsInJlYWN0LWljb25z
L3RiIiwicmVhY3QtaWNvb
nMvdGZpIiwicmVhY3QtaW
NvbnMvdGkiLCJyZWFjdC1
pY29ucy92c2MiLCJyZWFj
dC1pY29ucy93aSJdfSwia
HRtbExpbWl0ZWRCb3RzIj
oiTWVkaWFwYXJ0bmVycy1
Hb29nbGV8U2x1cnB8RHVj
a0R1Y2tCb3R8YmFpZHVzc
GlkZXJ8eWFuZGV4fHNvZ2
91fGJpdGx5Ym90fHR1bWJ
scnx2a1NoYXJlfHF1b3Jh
IGxpbmsgcHJldmlld3xyZ
WRkaXRib3R8aWFfYXJjaG
l2ZXJ8QmluZ2JvdHxCaW5
nUHJldmlld3xhcHBsZWJv
dHxmYWNlYm9va2V4dGVyb
mFsaGl0fGZhY2Vib29rY2
F0YWxvZ3xUd2l0dGVyYm9
0fExpbmtlZEluQm90fFNs
YWNrYm90fERpc2NvcmRib
3R8V2hhdHNBcHB8U2t5cG
VVcmlQcmV2aWV3fFlldGk
iLCJidW5kbGVQYWdlc1Jv
dXRlckRlcGVuZGVuY2llc
yI6ZmFsc2UsImNvbmZpZ0
ZpbGUiOiJDOlxcVXNlcnN
cXFByaXlhXFwuZ2VtaW5p
XFxhbnRpZ3Jhdml0eVxcc
GxheWdyb3VuZFxcdmVsdm
V0LWt1aXBlclxcZHJvcC1
seVxcbmV4dC5jb25maWcu
dHMiLCJjb25maWdGaWxlT
mFtZSI6Im5leHQuY29uZm
lnLnRzIiwidHVyYm9wYWN
rIjp7InJvb3QiOiJDOlxc
VXNlcnNcXFByaXlhXFwuZ
2VtaW5pXFxhbnRpZ3Jhdm
l0eVxccGxheWdyb3VuZFx
cdmVsdmV0LWt1aXBlclxc
ZHJvcC1seSJ9fQ%3D%3D&
preferredRegion=&midd
lewareConfig=e30%3D&c
acheHandlers=%7B%7D!


> Build failed 
because of webpack 
errors
